// Jest Snapshot v1, https://goo.gl/fbAQLP

exports[`Popular JSON Schema Test Load files directly 1`] = `
Object {
  "jsonSchema": Object {
    "$ref": "#/definitions/Directory",
    "$schema": "http://json-schema.org/draft-07/schema#",
    "definitions": Object {
      "Directory": Object {
        "additionalProperties": false,
        "properties": Object {
          "children": Object {
            "items": Array [
              Object {
                "anyOf": Array [
                  Object {
                    "additionalProperties": false,
                    "properties": Object {
                      "name": Object {
                        "type": "string",
                      },
                    },
                    "required": Array [
                      "name",
                    ],
                    "type": "object",
                  },
                  Object {
                    "additionalProperties": false,
                    "properties": Object {
                      "children": Object {
                        "items": Array [
                          Object {
                            "anyOf": Array [
                              Object {
                                "additionalProperties": false,
                                "properties": Object {
                                  "name": Object {
                                    "type": "string",
                                  },
                                },
                                "required": Array [
                                  "name",
                                ],
                                "type": "object",
                              },
                              Object {
                                "additionalProperties": false,
                                "properties": Object {
                                  "children": Object {
                                    "items": Array [
                                      Object {
                                        "anyOf": Array [
                                          Object {
                                            "additionalProperties": false,
                                            "properties": Object {
                                              "name": Object {
                                                "type": "string",
                                              },
                                            },
                                            "required": Array [
                                              "name",
                                            ],
                                            "type": "object",
                                          },
                                          Object {
                                            "additionalProperties": false,
                                            "properties": Object {
                                              "children": Object {
                                                "items": Array [
                                                  Object {
                                                    "type": "object",
                                                  },
                                                ],
                                                "type": "array",
                                              },
                                            },
                                            "required": Array [
                                              "children",
                                            ],
                                            "type": "object",
                                          },
                                        ],
                                      },
                                    ],
                                    "type": "array",
                                  },
                                },
                                "required": Array [
                                  "children",
                                ],
                                "type": "object",
                              },
                            ],
                          },
                        ],
                        "type": "array",
                      },
                    },
                    "required": Array [
                      "children",
                    ],
                    "type": "object",
                  },
                ],
              },
            ],
            "type": "array",
          },
        },
        "required": Array [
          "children",
        ],
        "type": "object",
      },
    },
  },
}
`;
