// Jest Snapshot v1, https://goo.gl/fbAQLP

exports[`Popular JSON Schema Test Load files directly 1`] = `
Object {
  "jsonSchema": Object {
    "$ref": "#/definitions/ServerSideConfig",
    "$schema": "http://json-schema.org/draft-07/schema#",
    "definitions": Object {
      "ServerSideConfig": Object {
        "additionalProperties": false,
        "properties": Object {
          "name": Object {
            "type": "string",
          },
          "service_a": Object {
            "additionalProperties": false,
            "properties": Object {
              "url": Object {
                "type": "string",
              },
            },
            "required": Array [
              "url",
            ],
            "type": "object",
          },
          "service_b": Object {
            "additionalProperties": false,
            "properties": Object {
              "apiToken": Object {
                "type": "string",
              },
              "timeout": Object {
                "type": "number",
              },
              "url": Object {
                "anyOf": Array [
                  Object {
                    "const": "https://dev.example.com",
                    "type": "string",
                  },
                  Object {
                    "const": "https://prod.example.com/b",
                    "type": "string",
                  },
                ],
              },
            },
            "required": Array [
              "url",
              "timeout",
            ],
            "type": "object",
          },
        },
        "required": Array [
          "name",
          "service_b",
        ],
        "type": "object",
      },
    },
  },
}
`;

exports[`Popular JSON Schema Test Reading files indirectly 1`] = `
Object {
  "jsonSchema": Object {
    "$ref": "#/definitions/ServerSideConfig",
    "$schema": "http://json-schema.org/draft-07/schema#",
    "definitions": Object {
      "ServerSideConfig": Object {
        "additionalProperties": false,
        "properties": Object {
          "name": Object {
            "type": "string",
          },
          "service_a": Object {
            "additionalProperties": false,
            "properties": Object {
              "url": Object {
                "type": "string",
              },
            },
            "required": Array [
              "url",
            ],
            "type": "object",
          },
          "service_b": Object {
            "additionalProperties": false,
            "properties": Object {
              "apiToken": Object {
                "type": "string",
              },
              "timeout": Object {
                "type": "number",
              },
              "url": Object {
                "anyOf": Array [
                  Object {
                    "const": "https://dev.example.com",
                    "type": "string",
                  },
                  Object {
                    "const": "https://prod.example.com/b",
                    "type": "string",
                  },
                ],
              },
            },
            "required": Array [
              "url",
              "timeout",
            ],
            "type": "object",
          },
        },
        "required": Array [
          "name",
          "service_b",
        ],
        "type": "object",
      },
    },
  },
}
`;
